A
ABCD
AA
ABAB
ABCC
ABCCCCCCCCCCCCC
XBBYXBBYXBBY
ABCCCCBCCCCBCCCCABCCCCBCCCCBCCCC

A
